[alpha_huge] step   1000  meanQ    32.68  ceiling  1746.0  MCret 1208.84  satfrac 0.97  actorL -9998.43
[alpha_huge] step   2000  meanQ    57.48  ceiling  1746.0  MCret 1208.84  satfrac 1.00  actorL -9998.35
[alpha_huge] step   3000  meanQ    80.32  ceiling  1746.0  MCret 1208.84  satfrac 1.00  actorL -9998.48
[alpha_huge] step   4000  meanQ   100.25  ceiling  1746.0  MCret 1208.84  satfrac 1.00  actorL -9994.19
[alpha_huge] step   5000  meanQ   117.39  ceiling  1746.0  MCret 1208.84  satfrac 1.00  actorL -9988.44
[alpha_huge] step   6000  meanQ   131.74  ceiling  1746.0  MCret 1208.84  satfrac 1.00  actorL -9936.88
[alpha_huge] step   7000  meanQ   142.45  ceiling  1746.0  MCret 1208.84  satfrac 1.00  actorL -9719.13
[alpha_huge] step   8000  meanQ   150.95  ceiling  1746.0  MCret 1208.84  satfrac 1.00  actorL -9642.93
[alpha_huge] step   9000  meanQ   158.53  ceiling  1746.0  MCret 1208.84  satfrac 1.00  actorL -9638.09
[alpha_huge] step  10000  meanQ   162.33  ceiling  1746.0  MCret 1208.84  satfrac 1.00  actorL -9412.23
[alpha_huge] step  11000  meanQ   167.44  ceiling  1746.0  MCret 1208.84  satfrac 1.00  actorL -9333.06
[alpha_huge] step  12000  meanQ   205.81  ceiling  1746.0  MCret 1208.84  satfrac 0.95  actorL -9506.65
[alpha_huge] step  13000  meanQ   228.52  ceiling  1746.0  MCret 1208.84  satfrac 0.93  actorL -9611.34
[alpha_huge] step  14000  meanQ   254.30  ceiling  1746.0  MCret 1208.84  satfrac 0.94  actorL -9762.95
[alpha_huge] step  15000  meanQ   276.88  ceiling  1746.0  MCret 1208.84  satfrac 0.94  actorL -9725.90
[alpha_huge] step  16000  meanQ   300.08  ceiling  1746.0  MCret 1208.84  satfrac 0.94  actorL -9831.15
[alpha_huge] step  17000  meanQ   322.55  ceiling  1746.0  MCret 1208.84  satfrac 0.91  actorL -9897.65
[alpha_huge] step  18000  meanQ   345.18  ceiling  1746.0  MCret 1208.84  satfrac 0.92  actorL -9925.20
[alpha_huge] step  19000  meanQ   368.35  ceiling  1746.0  MCret 1208.84  satfrac 0.93  actorL -9929.05
[alpha_huge] step  20000  meanQ   390.69  ceiling  1746.0  MCret 1208.84  satfrac 0.93  actorL -9974.81
[alpha_huge] step  21000  meanQ   412.05  ceiling  1746.0  MCret 1208.84  satfrac 0.93  actorL -9982.70
[alpha_huge] step  22000  meanQ   435.20  ceiling  1746.0  MCret 1208.84  satfrac 0.93  actorL -9968.05
[alpha_huge] step  23000  meanQ   455.70  ceiling  1746.0  MCret 1208.84  satfrac 0.93  actorL -9968.16
[alpha_huge] step  24000  meanQ   475.60  ceiling  1746.0  MCret 1208.84  satfrac 0.94  actorL -9989.75
[alpha_huge] step  25000  meanQ   498.18  ceiling  1746.0  MCret 1208.84  satfrac 0.94  actorL -9986.67
[alpha_huge] step  26000  meanQ   518.65  ceiling  1746.0  MCret 1208.84  satfrac 0.95  actorL -9991.98
[alpha_huge] step  27000  meanQ   540.23  ceiling  1746.0  MCret 1208.84  satfrac 0.93  actorL -9994.06
[alpha_huge] step  28000  meanQ   560.33  ceiling  1746.0  MCret 1208.84  satfrac 0.95  actorL -9994.11
[alpha_huge] step  29000  meanQ   579.81  ceiling  1746.0  MCret 1208.84  satfrac 0.95  actorL -9995.01
[alpha_huge] step  30000  meanQ   599.21  ceiling  1746.0  MCret 1208.84  satfrac 0.95  actorL -9998.72
[alpha_huge] step  31000  meanQ   619.84  ceiling  1746.0  MCret 1208.84  satfrac 0.95  actorL -9998.71
[alpha_huge] step  32000  meanQ   644.27  ceiling  1746.0  MCret 1208.84  satfrac 0.95  actorL -9998.74
[alpha_huge] step  33000  meanQ   666.76  ceiling  1746.0  MCret 1208.84  satfrac 0.95  actorL -9998.68
[alpha_huge] step  34000  meanQ   691.76  ceiling  1746.0  MCret 1208.84  satfrac 0.95  actorL -9998.65
[alpha_huge] step  35000  meanQ   719.08  ceiling  1746.0  MCret 1208.84  satfrac 0.94  actorL -9998.64
[alpha_huge] step  36000  meanQ   743.24  ceiling  1746.0  MCret 1208.84  satfrac 0.94  actorL -9998.63
[alpha_huge] step  37000  meanQ   765.73  ceiling  1746.0  MCret 1208.84  satfrac 0.94  actorL -9998.64
[alpha_huge] step  38000  meanQ   783.95  ceiling  1746.0  MCret 1208.84  satfrac 0.95  actorL -9998.66
[alpha_huge] step  39000  meanQ   800.29  ceiling  1746.0  MCret 1208.84  satfrac 0.95  actorL -9998.64
[alpha_huge] step  40000  meanQ   814.90  ceiling  1746.0  MCret 1208.84  satfrac 0.94  actorL -9998.68
[alpha_huge] step  41000  meanQ   829.40  ceiling  1746.0  MCret 1208.84  satfrac 0.94  actorL -9998.70
[alpha_huge] step  42000  meanQ   845.39  ceiling  1746.0  MCret 1208.84  satfrac 0.94  actorL -9998.64
[alpha_huge] step  43000  meanQ   856.47  ceiling  1746.0  MCret 1208.84  satfrac 0.94  actorL -9998.70
[alpha_huge] step  44000  meanQ   870.36  ceiling  1746.0  MCret 1208.84  satfrac 0.94  actorL -9998.71
[alpha_huge] step  45000  meanQ   886.67  ceiling  1746.0  MCret 1208.84  satfrac 0.94  actorL -9998.75
[alpha_huge] step  46000  meanQ   905.34  ceiling  1746.0  MCret 1208.84  satfrac 0.94  actorL -9998.65
[alpha_huge] step  47000  meanQ   923.61  ceiling  1746.0  MCret 1208.84  satfrac 0.94  actorL -9998.66
[alpha_huge] step  48000  meanQ   943.72  ceiling  1746.0  MCret 1208.84  satfrac 0.95  actorL -9998.66
[alpha_huge] step  49000  meanQ   959.67  ceiling  1746.0  MCret 1208.84  satfrac 0.94  actorL -9998.71
[alpha_huge] step  50000  meanQ   977.17  ceiling  1746.0  MCret 1208.84  satfrac 0.95  actorL -9998.68
[alpha_huge] step  51000  meanQ   996.87  ceiling  1746.0  MCret 1208.84  satfrac 0.95  actorL -9998.66
[alpha_huge] step  52000  meanQ  1013.54  ceiling  1746.0  MCret 1208.84  satfrac 0.95  actorL -9998.73
[alpha_huge] step  53000  meanQ  1032.97  ceiling  1746.0  MCret 1208.84  satfrac 0.95  actorL -9998.66
[alpha_huge] step  54000  meanQ  1053.73  ceiling  1746.0  MCret 1208.84  satfrac 0.95  actorL -9998.69
[alpha_huge] step  55000  meanQ  1074.57  ceiling  1746.0  MCret 1208.84  satfrac 0.95  actorL -9998.66
[alpha_huge] step  56000  meanQ  1090.86  ceiling  1746.0  MCret 1208.84  satfrac 0.95  actorL -9998.63
[alpha_huge] step  57000  meanQ  1107.81  ceiling  1746.0  MCret 1208.84  satfrac 0.94  actorL -9998.69
[alpha_huge] step  58000  meanQ  1126.45  ceiling  1746.0  MCret 1208.84  satfrac 0.94  actorL -9998.66
[alpha_huge] step  59000  meanQ  1141.81  ceiling  1746.0  MCret 1208.84  satfrac 0.95  actorL -9998.66
[alpha_huge] step  60000  meanQ  1160.94  ceiling  1746.0  MCret 1208.84  satfrac 0.95  actorL -9998.70
[alpha_huge] step  61000  meanQ  1179.11  ceiling  1746.0  MCret 1208.84  satfrac 0.95  actorL -9993.87
[alpha_huge] step  62000  meanQ  1200.58  ceiling  1746.0  MCret 1208.84  satfrac 0.95  actorL -9998.66
[alpha_huge] step  63000  meanQ  1217.91  ceiling  1746.0  MCret 1208.84  satfrac 0.94  actorL -9998.70
[alpha_huge] step  64000  meanQ  1236.07  ceiling  1746.0  MCret 1208.84  satfrac 0.95  actorL -9998.67
[alpha_huge] step  65000  meanQ  1252.00  ceiling  1746.0  MCret 1208.84  satfrac 0.94  actorL -9998.65
[alpha_huge] step  66000  meanQ  1276.38  ceiling  1746.0  MCret 1208.84  satfrac 0.94  actorL -9998.64
[alpha_huge] step  67000  meanQ  1300.41  ceiling  1746.0  MCret 1208.84  satfrac 0.94  actorL -9998.62
[alpha_huge] step  68000  meanQ  1322.16  ceiling  1746.0  MCret 1208.84  satfrac 0.94  actorL -9998.61
[alpha_huge] step  69000  meanQ  1344.51  ceiling  1746.0  MCret 1208.84  satfrac 0.95  actorL -9995.89
[alpha_huge] step  70000  meanQ  1357.57  ceiling  1746.0  MCret 1208.84  satfrac 0.93  actorL -9990.98
[alpha_huge] step  71000  meanQ  1378.51  ceiling  1746.0  MCret 1208.84  satfrac 0.95  actorL -9998.59
[alpha_huge] step  72000  meanQ  1395.23  ceiling  1746.0  MCret 1208.84  satfrac 0.94  actorL -9998.65
[alpha_huge] step  73000  meanQ  1415.03  ceiling  1746.0  MCret 1208.84  satfrac 0.94  actorL -9998.61
[alpha_huge] step  74000  meanQ  1430.83  ceiling  1746.0  MCret 1208.84  satfrac 0.94  actorL -9998.62
[alpha_huge] step  75000  meanQ  1451.55  ceiling  1746.0  MCret 1208.84  satfrac 0.94  actorL -9998.60
[alpha_huge] step  76000  meanQ  1467.19  ceiling  1746.0  MCret 1208.84  satfrac 0.94  actorL -9992.62
[alpha_huge] step  77000  meanQ  1486.98  ceiling  1746.0  MCret 1208.84  satfrac 0.94  actorL -9998.63
[alpha_huge] step  78000  meanQ  1510.87  ceiling  1746.0  MCret 1208.84  satfrac 0.94  actorL -9998.62
[alpha_huge] step  79000  meanQ  1534.02  ceiling  1746.0  MCret 1208.84  satfrac 0.94  actorL -9998.62
[alpha_huge] step  80000  meanQ  1556.30  ceiling  1746.0  MCret 1208.84  satfrac 0.94  actorL -9998.58
[alpha_huge] step  81000  meanQ  1577.49  ceiling  1746.0  MCret 1208.84  satfrac 0.93  actorL -9992.41
[alpha_huge] step  82000  meanQ  1588.96  ceiling  1746.0  MCret 1208.84  satfrac 0.94  actorL -9991.53
[alpha_huge] step  83000  meanQ  1605.06  ceiling  1746.0  MCret 1208.84  satfrac 0.93  actorL -9989.85
[alpha_huge] step  84000  meanQ  1620.31  ceiling  1746.0  MCret 1208.84  satfrac 0.94  actorL -9998.53
[alpha_huge] step  85000  meanQ  1641.92  ceiling  1746.0  MCret 1208.84  satfrac 0.92  actorL -9998.48
[alpha_huge] step  86000  meanQ  1657.95  ceiling  1746.0  MCret 1208.84  satfrac 0.92  actorL -9998.36
[alpha_huge] step  87000  meanQ  1668.97  ceiling  1746.0  MCret 1208.84  satfrac 0.92  actorL -9998.50
[alpha_huge] step  88000  meanQ  1686.97  ceiling  1746.0  MCret 1208.84  satfrac 0.92  actorL -9984.79
[alpha_huge] step  89000  meanQ  1703.24  ceiling  1746.0  MCret 1208.84  satfrac 0.93  actorL -9990.62
[alpha_huge] step  90000  meanQ  1727.04  ceiling  1746.0  MCret 1208.84  satfrac 0.92  actorL -9998.35
[alpha_huge] step  91000  meanQ  1744.44  ceiling  1746.0  MCret 1208.84  satfrac 0.91  actorL -9995.23
[alpha_huge] step  92000  meanQ  1764.25  ceiling  1746.0  MCret 1208.84  satfrac 0.91  actorL -9998.31
[alpha_huge] step  93000  meanQ  1799.73  ceiling  1746.0  MCret 1208.84  satfrac 0.89  actorL -9990.80
[alpha_huge] step  94000  meanQ  1823.62  ceiling  1746.0  MCret 1208.84  satfrac 0.88  actorL -9991.59
[alpha_huge] step  95000  meanQ  1849.62  ceiling  1746.0  MCret 1208.84  satfrac 0.87  actorL -9991.85
[alpha_huge] step  96000  meanQ  1874.83  ceiling  1746.0  MCret 1208.84  satfrac 0.87  actorL -9998.40
[alpha_huge] step  97000  meanQ  1890.25  ceiling  1746.0  MCret 1208.84  satfrac 0.87  actorL -9998.43
[alpha_huge] step  98000  meanQ  1910.26  ceiling  1746.0  MCret 1208.84  satfrac 0.86  actorL -9998.45
[alpha_huge] step  99000  meanQ  1923.78  ceiling  1746.0  MCret 1208.84  satfrac 0.85  actorL -9998.43
[alpha_huge] step 100000  meanQ  1935.80  ceiling  1746.0  MCret 1208.84  satfrac 0.86  actorL -9998.46
saved failure_alpha_huge.png
