[no_bc] step   1000  meanQ    31.70  ceiling  1746.0  MCret 1208.84  satfrac 0.92  actorL   -31.16
[no_bc] step   2000  meanQ    58.61  ceiling  1746.0  MCret 1208.84  satfrac 0.98  actorL   -57.98
[no_bc] step   3000  meanQ    86.57  ceiling  1746.0  MCret 1208.84  satfrac 1.00  actorL   -88.55
[no_bc] step   4000  meanQ   114.51  ceiling  1746.0  MCret 1208.84  satfrac 1.00  actorL  -116.46
[no_bc] step   5000  meanQ   141.90  ceiling  1746.0  MCret 1208.84  satfrac 1.00  actorL  -141.65
[no_bc] step   6000  meanQ   167.76  ceiling  1746.0  MCret 1208.84  satfrac 1.00  actorL  -165.31
[no_bc] step   7000  meanQ   191.92  ceiling  1746.0  MCret 1208.84  satfrac 1.00  actorL  -193.02
[no_bc] step   8000  meanQ   215.92  ceiling  1746.0  MCret 1208.84  satfrac 1.00  actorL  -214.87
[no_bc] step   9000  meanQ   238.78  ceiling  1746.0  MCret 1208.84  satfrac 1.00  actorL  -233.23
[no_bc] step  10000  meanQ   259.58  ceiling  1746.0  MCret 1208.84  satfrac 1.00  actorL  -257.06
[no_bc] step  11000  meanQ   280.84  ceiling  1746.0  MCret 1208.84  satfrac 1.00  actorL  -281.64
[no_bc] step  12000  meanQ   301.24  ceiling  1746.0  MCret 1208.84  satfrac 1.00  actorL  -303.18
[no_bc] step  13000  meanQ   319.93  ceiling  1746.0  MCret 1208.84  satfrac 1.00  actorL  -311.78
[no_bc] step  14000  meanQ   336.89  ceiling  1746.0  MCret 1208.84  satfrac 1.00  actorL  -333.20
[no_bc] step  15000  meanQ   355.29  ceiling  1746.0  MCret 1208.84  satfrac 1.00  actorL  -344.07
[no_bc] step  16000  meanQ   372.30  ceiling  1746.0  MCret 1208.84  satfrac 1.00  actorL  -363.12
[no_bc] step  17000  meanQ   384.56  ceiling  1746.0  MCret 1208.84  satfrac 1.00  actorL  -382.26
[no_bc] step  18000  meanQ   397.65  ceiling  1746.0  MCret 1208.84  satfrac 1.00  actorL  -388.15
[no_bc] step  19000  meanQ   409.69  ceiling  1746.0  MCret 1208.84  satfrac 1.00  actorL  -403.89
[no_bc] step  20000  meanQ   424.07  ceiling  1746.0  MCret 1208.84  satfrac 1.00  actorL  -425.38
[no_bc] step  21000  meanQ   432.78  ceiling  1746.0  MCret 1208.84  satfrac 1.00  actorL  -423.40
[no_bc] step  22000  meanQ   445.60  ceiling  1746.0  MCret 1208.84  satfrac 1.00  actorL  -443.64
[no_bc] step  23000  meanQ   455.45  ceiling  1746.0  MCret 1208.84  satfrac 1.00  actorL  -458.24
[no_bc] step  24000  meanQ   464.37  ceiling  1746.0  MCret 1208.84  satfrac 1.00  actorL  -458.35
[no_bc] step  25000  meanQ   473.65  ceiling  1746.0  MCret 1208.84  satfrac 1.00  actorL  -477.71
[no_bc] step  26000  meanQ   483.81  ceiling  1746.0  MCret 1208.84  satfrac 1.00  actorL  -492.42
[no_bc] step  27000  meanQ   492.38  ceiling  1746.0  MCret 1208.84  satfrac 1.00  actorL  -506.27
[no_bc] step  28000  meanQ   503.37  ceiling  1746.0  MCret 1208.84  satfrac 1.00  actorL  -506.97
[no_bc] step  29000  meanQ   510.28  ceiling  1746.0  MCret 1208.84  satfrac 1.00  actorL  -498.88
[no_bc] step  30000  meanQ   520.71  ceiling  1746.0  MCret 1208.84  satfrac 1.00  actorL  -507.37
[no_bc] step  31000  meanQ   527.49  ceiling  1746.0  MCret 1208.84  satfrac 1.00  actorL  -523.25
[no_bc] step  32000  meanQ   536.64  ceiling  1746.0  MCret 1208.84  satfrac 1.00  actorL  -543.85
[no_bc] step  33000  meanQ   555.46  ceiling  1746.0  MCret 1208.84  satfrac 0.99  actorL  -550.19
[no_bc] step  34000  meanQ   567.20  ceiling  1746.0  MCret 1208.84  satfrac 0.99  actorL  -569.96
[no_bc] step  35000  meanQ   576.95  ceiling  1746.0  MCret 1208.84  satfrac 0.99  actorL  -558.60
[no_bc] step  36000  meanQ   582.96  ceiling  1746.0  MCret 1208.84  satfrac 0.99  actorL  -578.18
[no_bc] step  37000  meanQ   591.68  ceiling  1746.0  MCret 1208.84  satfrac 0.99  actorL  -583.73
[no_bc] step  38000  meanQ   597.90  ceiling  1746.0  MCret 1208.84  satfrac 0.99  actorL  -619.18
[no_bc] step  39000  meanQ   605.96  ceiling  1746.0  MCret 1208.84  satfrac 0.98  actorL  -599.43
[no_bc] step  40000  meanQ   614.54  ceiling  1746.0  MCret 1208.84  satfrac 0.98  actorL  -599.23
[no_bc] step  41000  meanQ   624.79  ceiling  1746.0  MCret 1208.84  satfrac 0.96  actorL  -606.15
[no_bc] step  42000  meanQ   630.39  ceiling  1746.0  MCret 1208.84  satfrac 0.95  actorL  -623.64
[no_bc] step  43000  meanQ   636.76  ceiling  1746.0  MCret 1208.84  satfrac 0.96  actorL  -629.73
[no_bc] step  44000  meanQ   642.47  ceiling  1746.0  MCret 1208.84  satfrac 0.97  actorL  -618.34
[no_bc] step  45000  meanQ   649.54  ceiling  1746.0  MCret 1208.84  satfrac 0.96  actorL  -657.94
[no_bc] step  46000  meanQ   656.43  ceiling  1746.0  MCret 1208.84  satfrac 0.96  actorL  -644.12
[no_bc] step  47000  meanQ   662.14  ceiling  1746.0  MCret 1208.84  satfrac 0.96  actorL  -641.39
[no_bc] step  48000  meanQ   670.10  ceiling  1746.0  MCret 1208.84  satfrac 0.95  actorL  -671.21
[no_bc] step  49000  meanQ   675.30  ceiling  1746.0  MCret 1208.84  satfrac 0.95  actorL  -681.47
[no_bc] step  50000  meanQ   681.97  ceiling  1746.0  MCret 1208.84  satfrac 0.95  actorL  -673.95
[no_bc] step  51000  meanQ   689.72  ceiling  1746.0  MCret 1208.84  satfrac 0.96  actorL  -680.79
[no_bc] step  52000  meanQ   692.69  ceiling  1746.0  MCret 1208.84  satfrac 0.95  actorL  -697.62
[no_bc] step  53000  meanQ   696.78  ceiling  1746.0  MCret 1208.84  satfrac 0.95  actorL  -674.81
[no_bc] step  54000  meanQ   706.27  ceiling  1746.0  MCret 1208.84  satfrac 0.93  actorL  -691.30
[no_bc] step  55000  meanQ   715.53  ceiling  1746.0  MCret 1208.84  satfrac 0.92  actorL  -701.18
[no_bc] step  56000  meanQ   727.88  ceiling  1746.0  MCret 1208.84  satfrac 0.93  actorL  -718.85
[no_bc] step  57000  meanQ   738.51  ceiling  1746.0  MCret 1208.84  satfrac 0.94  actorL  -741.20
[no_bc] step  58000  meanQ   748.68  ceiling  1746.0  MCret 1208.84  satfrac 0.92  actorL  -734.82
[no_bc] step  59000  meanQ   757.38  ceiling  1746.0  MCret 1208.84  satfrac 0.93  actorL  -754.49
[no_bc] step  60000  meanQ   767.00  ceiling  1746.0  MCret 1208.84  satfrac 0.93  actorL  -767.06
[no_bc] step  61000  meanQ   778.47  ceiling  1746.0  MCret 1208.84  satfrac 0.93  actorL  -753.34
[no_bc] step  62000  meanQ   787.64  ceiling  1746.0  MCret 1208.84  satfrac 0.93  actorL  -772.01
[no_bc] step  63000  meanQ   798.64  ceiling  1746.0  MCret 1208.84  satfrac 0.93  actorL  -802.30
[no_bc] step  64000  meanQ   809.58  ceiling  1746.0  MCret 1208.84  satfrac 0.92  actorL  -805.47
[no_bc] step  65000  meanQ   819.35  ceiling  1746.0  MCret 1208.84  satfrac 0.93  actorL  -809.36
[no_bc] step  66000  meanQ   829.53  ceiling  1746.0  MCret 1208.84  satfrac 0.95  actorL  -818.02
[no_bc] step  67000  meanQ   839.98  ceiling  1746.0  MCret 1208.84  satfrac 0.95  actorL  -846.85
[no_bc] step  68000  meanQ   849.94  ceiling  1746.0  MCret 1208.84  satfrac 0.94  actorL  -846.80
[no_bc] step  69000  meanQ   856.86  ceiling  1746.0  MCret 1208.84  satfrac 0.96  actorL  -859.71
[no_bc] step  70000  meanQ   866.93  ceiling  1746.0  MCret 1208.84  satfrac 0.94  actorL  -868.81
[no_bc] step  71000  meanQ   871.17  ceiling  1746.0  MCret 1208.84  satfrac 0.94  actorL  -852.75
[no_bc] step  72000  meanQ   879.30  ceiling  1746.0  MCret 1208.84  satfrac 0.94  actorL  -896.88
[no_bc] step  73000  meanQ   884.68  ceiling  1746.0  MCret 1208.84  satfrac 0.92  actorL  -871.83
[no_bc] step  74000  meanQ   890.72  ceiling  1746.0  MCret 1208.84  satfrac 0.92  actorL  -883.55
[no_bc] step  75000  meanQ   895.53  ceiling  1746.0  MCret 1208.84  satfrac 0.94  actorL  -881.16
[no_bc] step  76000  meanQ   899.28  ceiling  1746.0  MCret 1208.84  satfrac 0.91  actorL  -882.64
[no_bc] step  77000  meanQ   903.10  ceiling  1746.0  MCret 1208.84  satfrac 0.91  actorL  -898.77
[no_bc] step  78000  meanQ   908.13  ceiling  1746.0  MCret 1208.84  satfrac 0.91  actorL  -898.56
[no_bc] step  79000  meanQ   912.57  ceiling  1746.0  MCret 1208.84  satfrac 0.90  actorL  -920.78
[no_bc] step  80000  meanQ   914.32  ceiling  1746.0  MCret 1208.84  satfrac 0.89  actorL  -885.02
[no_bc] step  81000  meanQ   918.73  ceiling  1746.0  MCret 1208.84  satfrac 0.89  actorL  -913.99
[no_bc] step  82000  meanQ   922.57  ceiling  1746.0  MCret 1208.84  satfrac 0.87  actorL  -917.34
[no_bc] step  83000  meanQ   923.07  ceiling  1746.0  MCret 1208.84  satfrac 0.87  actorL  -929.61
[no_bc] step  84000  meanQ   924.34  ceiling  1746.0  MCret 1208.84  satfrac 0.87  actorL  -918.24
[no_bc] step  85000  meanQ   927.70  ceiling  1746.0  MCret 1208.84  satfrac 0.86  actorL  -912.01
[no_bc] step  86000  meanQ   930.62  ceiling  1746.0  MCret 1208.84  satfrac 0.87  actorL  -909.77
[no_bc] step  87000  meanQ   934.70  ceiling  1746.0  MCret 1208.84  satfrac 0.88  actorL  -938.31
[no_bc] step  88000  meanQ   938.55  ceiling  1746.0  MCret 1208.84  satfrac 0.89  actorL  -938.48
[no_bc] step  89000  meanQ   943.51  ceiling  1746.0  MCret 1208.84  satfrac 0.89  actorL  -956.17
[no_bc] step  90000  meanQ   948.16  ceiling  1746.0  MCret 1208.84  satfrac 0.89  actorL  -933.82
[no_bc] step  91000  meanQ   952.21  ceiling  1746.0  MCret 1208.84  satfrac 0.90  actorL  -946.00
[no_bc] step  92000  meanQ   955.57  ceiling  1746.0  MCret 1208.84  satfrac 0.90  actorL  -943.26
[no_bc] step  93000  meanQ   956.77  ceiling  1746.0  MCret 1208.84  satfrac 0.91  actorL  -945.44
[no_bc] step  94000  meanQ   957.98  ceiling  1746.0  MCret 1208.84  satfrac 0.91  actorL  -950.17
[no_bc] step  95000  meanQ   961.61  ceiling  1746.0  MCret 1208.84  satfrac 0.90  actorL  -976.65
[no_bc] step  96000  meanQ   964.28  ceiling  1746.0  MCret 1208.84  satfrac 0.90  actorL  -948.85
[no_bc] step  97000  meanQ   966.09  ceiling  1746.0  MCret 1208.84  satfrac 0.90  actorL  -956.44
[no_bc] step  98000  meanQ   967.19  ceiling  1746.0  MCret 1208.84  satfrac 0.90  actorL  -937.35
[no_bc] step  99000  meanQ   969.44  ceiling  1746.0  MCret 1208.84  satfrac 0.91  actorL  -981.86
[no_bc] step 100000  meanQ   972.10  ceiling  1746.0  MCret 1208.84  satfrac 0.89  actorL  -970.12
saved failure_no_bc.png
