[no_norm] step   1000  meanQ    36.16  ceiling  1746.0  MCret 1208.84  satfrac 0.01  actorL    -2.32
[no_norm] step   2000  meanQ    62.68  ceiling  1746.0  MCret 1208.84  satfrac 0.01  actorL    -2.35
[no_norm] step   3000  meanQ    89.54  ceiling  1746.0  MCret 1208.84  satfrac 0.00  actorL    -2.35
[no_norm] step   4000  meanQ   115.95  ceiling  1746.0  MCret 1208.84  satfrac 0.00  actorL    -2.35
[no_norm] step   5000  meanQ   142.80  ceiling  1746.0  MCret 1208.84  satfrac 0.00  actorL    -2.37
[no_norm] step   6000  meanQ   168.53  ceiling  1746.0  MCret 1208.84  satfrac 0.00  actorL    -2.36
[no_norm] step   7000  meanQ   194.89  ceiling  1746.0  MCret 1208.84  satfrac 0.00  actorL    -2.36
[no_norm] step   8000  meanQ   220.41  ceiling  1746.0  MCret 1208.84  satfrac 0.00  actorL    -2.37
[no_norm] step   9000  meanQ   245.61  ceiling  1746.0  MCret 1208.84  satfrac 0.00  actorL    -2.37
[no_norm] step  10000  meanQ   270.56  ceiling  1746.0  MCret 1208.84  satfrac 0.01  actorL    -2.35
[no_norm] step  11000  meanQ   295.80  ceiling  1746.0  MCret 1208.84  satfrac 0.01  actorL    -2.36
[no_norm] step  12000  meanQ   319.71  ceiling  1746.0  MCret 1208.84  satfrac 0.01  actorL    -2.37
[no_norm] step  13000  meanQ   344.09  ceiling  1746.0  MCret 1208.84  satfrac 0.01  actorL    -2.36
[no_norm] step  14000  meanQ   368.59  ceiling  1746.0  MCret 1208.84  satfrac 0.04  actorL    -2.40
[no_norm] step  15000  meanQ   390.01  ceiling  1746.0  MCret 1208.84  satfrac 0.03  actorL    -2.37
[no_norm] step  16000  meanQ   414.08  ceiling  1746.0  MCret 1208.84  satfrac 0.04  actorL    -2.38
[no_norm] step  17000  meanQ   437.12  ceiling  1746.0  MCret 1208.84  satfrac 0.04  actorL    -2.35
[no_norm] step  18000  meanQ   457.59  ceiling  1746.0  MCret 1208.84  satfrac 0.04  actorL    -2.38
[no_norm] step  19000  meanQ   479.63  ceiling  1746.0  MCret 1208.84  satfrac 0.05  actorL    -2.39
[no_norm] step  20000  meanQ   500.58  ceiling  1746.0  MCret 1208.84  satfrac 0.06  actorL    -2.39
[no_norm] step  21000  meanQ   523.13  ceiling  1746.0  MCret 1208.84  satfrac 0.06  actorL    -2.38
[no_norm] step  22000  meanQ   543.36  ceiling  1746.0  MCret 1208.84  satfrac 0.07  actorL    -2.40
[no_norm] step  23000  meanQ   565.66  ceiling  1746.0  MCret 1208.84  satfrac 0.08  actorL    -2.38
[no_norm] step  24000  meanQ   585.01  ceiling  1746.0  MCret 1208.84  satfrac 0.08  actorL    -2.39
[no_norm] step  25000  meanQ   603.32  ceiling  1746.0  MCret 1208.84  satfrac 0.08  actorL    -2.38
[no_norm] step  26000  meanQ   621.99  ceiling  1746.0  MCret 1208.84  satfrac 0.08  actorL    -2.38
[no_norm] step  27000  meanQ   641.90  ceiling  1746.0  MCret 1208.84  satfrac 0.10  actorL    -2.37
[no_norm] step  28000  meanQ   659.81  ceiling  1746.0  MCret 1208.84  satfrac 0.10  actorL    -2.40
[no_norm] step  29000  meanQ   677.02  ceiling  1746.0  MCret 1208.84  satfrac 0.09  actorL    -2.38
[no_norm] step  30000  meanQ   692.91  ceiling  1746.0  MCret 1208.84  satfrac 0.09  actorL    -2.36
[no_norm] step  31000  meanQ   709.11  ceiling  1746.0  MCret 1208.84  satfrac 0.11  actorL    -2.40
[no_norm] step  32000  meanQ   726.91  ceiling  1746.0  MCret 1208.84  satfrac 0.09  actorL    -2.36
[no_norm] step  33000  meanQ   742.46  ceiling  1746.0  MCret 1208.84  satfrac 0.09  actorL    -2.41
[no_norm] step  34000  meanQ   758.47  ceiling  1746.0  MCret 1208.84  satfrac 0.12  actorL    -2.40
[no_norm] step  35000  meanQ   774.61  ceiling  1746.0  MCret 1208.84  satfrac 0.10  actorL    -2.38
[no_norm] step  36000  meanQ   788.58  ceiling  1746.0  MCret 1208.84  satfrac 0.10  actorL    -2.40
[no_norm] step  37000  meanQ   803.60  ceiling  1746.0  MCret 1208.84  satfrac 0.11  actorL    -2.39
[no_norm] step  38000  meanQ   816.44  ceiling  1746.0  MCret 1208.84  satfrac 0.10  actorL    -2.39
[no_norm] step  39000  meanQ   829.91  ceiling  1746.0  MCret 1208.84  satfrac 0.09  actorL    -2.40
[no_norm] step  40000  meanQ   845.44  ceiling  1746.0  MCret 1208.84  satfrac 0.08  actorL    -2.38
[no_norm] step  41000  meanQ   856.29  ceiling  1746.0  MCret 1208.84  satfrac 0.11  actorL    -2.39
[no_norm] step  42000  meanQ   867.05  ceiling  1746.0  MCret 1208.84  satfrac 0.10  actorL    -2.40
[no_norm] step  43000  meanQ   880.51  ceiling  1746.0  MCret 1208.84  satfrac 0.10  actorL    -2.38
[no_norm] step  44000  meanQ   894.04  ceiling  1746.0  MCret 1208.84  satfrac 0.10  actorL    -2.39
[no_norm] step  45000  meanQ   904.56  ceiling  1746.0  MCret 1208.84  satfrac 0.09  actorL    -2.40
[no_norm] step  46000  meanQ   914.09  ceiling  1746.0  MCret 1208.84  satfrac 0.12  actorL    -2.41
[no_norm] step  47000  meanQ   925.30  ceiling  1746.0  MCret 1208.84  satfrac 0.11  actorL    -2.41
[no_norm] step  48000  meanQ   935.57  ceiling  1746.0  MCret 1208.84  satfrac 0.12  actorL    -2.39
[no_norm] step  49000  meanQ   945.15  ceiling  1746.0  MCret 1208.84  satfrac 0.10  actorL    -2.38
[no_norm] step  50000  meanQ   954.70  ceiling  1746.0  MCret 1208.84  satfrac 0.10  actorL    -2.39
[no_norm] step  51000  meanQ   963.14  ceiling  1746.0  MCret 1208.84  satfrac 0.10  actorL    -2.40
[no_norm] step  52000  meanQ   973.13  ceiling  1746.0  MCret 1208.84  satfrac 0.09  actorL    -2.41
[no_norm] step  53000  meanQ   980.73  ceiling  1746.0  MCret 1208.84  satfrac 0.10  actorL    -2.39
[no_norm] step  54000  meanQ   988.93  ceiling  1746.0  MCret 1208.84  satfrac 0.11  actorL    -2.39
[no_norm] step  55000  meanQ   995.01  ceiling  1746.0  MCret 1208.84  satfrac 0.10  actorL    -2.38
[no_norm] step  56000  meanQ  1004.33  ceiling  1746.0  MCret 1208.84  satfrac 0.09  actorL    -2.42
[no_norm] step  57000  meanQ  1010.31  ceiling  1746.0  MCret 1208.84  satfrac 0.10  actorL    -2.39
[no_norm] step  58000  meanQ  1020.12  ceiling  1746.0  MCret 1208.84  satfrac 0.10  actorL    -2.39
[no_norm] step  59000  meanQ  1026.38  ceiling  1746.0  MCret 1208.84  satfrac 0.10  actorL    -2.40
[no_norm] step  60000  meanQ  1033.29  ceiling  1746.0  MCret 1208.84  satfrac 0.11  actorL    -2.39
[no_norm] step  61000  meanQ  1040.82  ceiling  1746.0  MCret 1208.84  satfrac 0.10  actorL    -2.40
[no_norm] step  62000  meanQ  1043.41  ceiling  1746.0  MCret 1208.84  satfrac 0.09  actorL    -2.40
[no_norm] step  63000  meanQ  1053.34  ceiling  1746.0  MCret 1208.84  satfrac 0.11  actorL    -2.40
[no_norm] step  64000  meanQ  1056.06  ceiling  1746.0  MCret 1208.84  satfrac 0.09  actorL    -2.40
[no_norm] step  65000  meanQ  1064.57  ceiling  1746.0  MCret 1208.84  satfrac 0.12  actorL    -2.39
[no_norm] step  66000  meanQ  1069.45  ceiling  1746.0  MCret 1208.84  satfrac 0.11  actorL    -2.39
[no_norm] step  67000  meanQ  1071.29  ceiling  1746.0  MCret 1208.84  satfrac 0.10  actorL    -2.40
[no_norm] step  68000  meanQ  1079.67  ceiling  1746.0  MCret 1208.84  satfrac 0.10  actorL    -2.40
[no_norm] step  69000  meanQ  1081.66  ceiling  1746.0  MCret 1208.84  satfrac 0.11  actorL    -2.42
[no_norm] step  70000  meanQ  1086.77  ceiling  1746.0  MCret 1208.84  satfrac 0.10  actorL    -2.39
[no_norm] step  71000  meanQ  1090.93  ceiling  1746.0  MCret 1208.84  satfrac 0.11  actorL    -2.38
[no_norm] step  72000  meanQ  1091.79  ceiling  1746.0  MCret 1208.84  satfrac 0.11  actorL    -2.39
[no_norm] step  73000  meanQ  1099.94  ceiling  1746.0  MCret 1208.84  satfrac 0.10  actorL    -2.40
[no_norm] step  74000  meanQ  1103.38  ceiling  1746.0  MCret 1208.84  satfrac 0.09  actorL    -2.37
[no_norm] step  75000  meanQ  1104.32  ceiling  1746.0  MCret 1208.84  satfrac 0.09  actorL    -2.39
[no_norm] step  76000  meanQ  1111.80  ceiling  1746.0  MCret 1208.84  satfrac 0.09  actorL    -2.37
[no_norm] step  77000  meanQ  1113.84  ceiling  1746.0  MCret 1208.84  satfrac 0.10  actorL    -2.40
[no_norm] step  78000  meanQ  1119.02  ceiling  1746.0  MCret 1208.84  satfrac 0.11  actorL    -2.40
[no_norm] step  79000  meanQ  1119.27  ceiling  1746.0  MCret 1208.84  satfrac 0.09  actorL    -2.40
[no_norm] step  80000  meanQ  1121.24  ceiling  1746.0  MCret 1208.84  satfrac 0.09  actorL    -2.40
[no_norm] step  81000  meanQ  1128.39  ceiling  1746.0  MCret 1208.84  satfrac 0.09  actorL    -2.39
[no_norm] step  82000  meanQ  1127.92  ceiling  1746.0  MCret 1208.84  satfrac 0.10  actorL    -2.40
[no_norm] step  83000  meanQ  1131.26  ceiling  1746.0  MCret 1208.84  satfrac 0.12  actorL    -2.39
[no_norm] step  84000  meanQ  1133.48  ceiling  1746.0  MCret 1208.84  satfrac 0.11  actorL    -2.41
[no_norm] step  85000  meanQ  1137.87  ceiling  1746.0  MCret 1208.84  satfrac 0.10  actorL    -2.40
[no_norm] step  86000  meanQ  1139.87  ceiling  1746.0  MCret 1208.84  satfrac 0.09  actorL    -2.38
[no_norm] step  87000  meanQ  1141.65  ceiling  1746.0  MCret 1208.84  satfrac 0.11  actorL    -2.38
[no_norm] step  88000  meanQ  1140.45  ceiling  1746.0  MCret 1208.84  satfrac 0.10  actorL    -2.40
[no_norm] step  89000  meanQ  1146.29  ceiling  1746.0  MCret 1208.84  satfrac 0.10  actorL    -2.38
[no_norm] step  90000  meanQ  1149.70  ceiling  1746.0  MCret 1208.84  satfrac 0.11  actorL    -2.40
[no_norm] step  91000  meanQ  1147.70  ceiling  1746.0  MCret 1208.84  satfrac 0.10  actorL    -2.40
[no_norm] step  92000  meanQ  1148.16  ceiling  1746.0  MCret 1208.84  satfrac 0.09  actorL    -2.40
[no_norm] step  93000  meanQ  1149.50  ceiling  1746.0  MCret 1208.84  satfrac 0.10  actorL    -2.41
[no_norm] step  94000  meanQ  1155.97  ceiling  1746.0  MCret 1208.84  satfrac 0.11  actorL    -2.41
[no_norm] step  95000  meanQ  1156.13  ceiling  1746.0  MCret 1208.84  satfrac 0.09  actorL    -2.38
[no_norm] step  96000  meanQ  1158.13  ceiling  1746.0  MCret 1208.84  satfrac 0.09  actorL    -2.40
[no_norm] step  97000  meanQ  1161.10  ceiling  1746.0  MCret 1208.84  satfrac 0.10  actorL    -2.41
[no_norm] step  98000  meanQ  1162.72  ceiling  1746.0  MCret 1208.84  satfrac 0.10  actorL    -2.39
[no_norm] step  99000  meanQ  1160.68  ceiling  1746.0  MCret 1208.84  satfrac 0.10  actorL    -2.37
[no_norm] step 100000  meanQ  1162.55  ceiling  1746.0  MCret 1208.84  satfrac 0.11  actorL    -2.39
saved failure_no_norm.png
